[html.iwthemes.com/sportscup/run/index-234a6.html]
[backblue.gif]
[fade.gif]
[index.html]
[html.iwthemes.com/sportscup/run/img/icons/favicon.ico]
[html.iwthemes.com/sportscup/run/img/icons/apple-touch-icon.png]
[html.iwthemes.com/sportscup/run/img/icons/apple-touch-icon-72x72.png]
[html.iwthemes.com/sportscup/run/assets/css/main.css]
[html.iwthemes.com/sportscup/run/img/icons/apple-touch-icon-114x114.png]
[html.iwthemes.com/sportscup/run/index.html]
[html.iwthemes.com/sportscup/run/img/logo.png]
[html.iwthemes.com/sportscup/run/img/adds/banner.jpg]
[html.iwthemes.com/sportscup/run/index-2.html]
[html.iwthemes.com/sportscup/run/index-3.html]
[html.iwthemes.com/sportscup/run/index-4.html]
[html.iwthemes.com/sportscup/run/index-5.html]
[html.iwthemes.com/sportscup/run/index-6.html]
[html.iwthemes.com/sportscup/run/table-point.html]
[html.iwthemes.com/sportscup/run/fixtures.html]
[html.iwthemes.com/sportscup/run/groups.html]
[html.iwthemes.com/sportscup/run/news-left-sidebar.html]
[html.iwthemes.com/sportscup/run/contact.html]
[html.iwthemes.com/sportscup/run/img/blog/1.jpg]
[html.iwthemes.com/sportscup/run/teams.html]
[html.iwthemes.com/sportscup/run/img/blog/2.jpg]
[html.iwthemes.com/sportscup/run/players.html]
[html.iwthemes.com/sportscup/run/img/blog/3.jpg]
[html.iwthemes.com/sportscup/run/results.html]
[html.iwthemes.com/sportscup/run/single-team.html]
[html.iwthemes.com/sportscup/run/single-player.html]
[html.iwthemes.com/sportscup/run/single-result.html]
[html.iwthemes.com/sportscup/run/page-full-width.html]
[html.iwthemes.com/sportscup/run/page-left-sidebar.html]
[html.iwthemes.com/sportscup/run/page-right-sidebar.html]
[html.iwthemes.com/sportscup/run/page-404.html]
[html.iwthemes.com/sportscup/run/page-faq.html]
[html.iwthemes.com/sportscup/run/sitemap.html]
[html.iwthemes.com/sportscup/run/page-pricing.html]
[html.iwthemes.com/sportscup/run/page-register.html]
[html.iwthemes.com/sportscup/run/feature-header-footer-1.html]
[html.iwthemes.com/sportscup/run/feature-header-footer-2.html]
[html.iwthemes.com/sportscup/run/feature-header-footer-3.html]
[html.iwthemes.com/sportscup/run/page-about.html]
[html.iwthemes.com/sportscup/run/services.html]
[html.iwthemes.com/sportscup/run/news-right-sidebar.html]
[html.iwthemes.com/sportscup/run/news-no-sidebar.html]
[html.iwthemes.com/sportscup/run/single-news.html]
[html.iwthemes.com/sportscup/run/index-1.html]
[html.iwthemes.com/sportscup/run/img/slide/3.jpg]
[html.iwthemes.com/sportscup/run/img/slide/2.jpg]
[html.iwthemes.com/sportscup/run/img/slide/1.jpg]
[html.iwthemes.com/sportscup/run/img/locations/1.jpg]
[html.iwthemes.com/sportscup/run/img/testimonials/1.jpg]
[html.iwthemes.com/sportscup/run/img/testimonials/2.jpg]
[html.iwthemes.com/sportscup/run/img/testimonials/3.jpg]
[html.iwthemes.com/sportscup/run/img/testimonials/4.jpg]
[html.iwthemes.com/sportscup/run/img/clubs-teams/colombia.jpg]
[html.iwthemes.com/sportscup/run/img/clubs-teams/rusia.jpg]
[html.iwthemes.com/sportscup/run/img/clubs-teams/brazil.jpg]
[html.iwthemes.com/sportscup/run/img/clubs-teams/argentina.jpg]
[html.iwthemes.com/sportscup/run/img/blog/4.jpg]
[html.iwthemes.com/sportscup/run/img/grid/loading.gif]
[html.iwthemes.com/sportscup/run/img/grid/1.jpg]
[html.iwthemes.com/sportscup/run/img/grid/2.jpg]
[html.iwthemes.com/sportscup/run/img/grid/3.jpg]
[html.iwthemes.com/sportscup/run/img/grid/4.jpg]
[html.iwthemes.com/sportscup/run/img/grid/5.jpg]
[html.iwthemes.com/sportscup/run/img/grid/6.jpg]
[html.iwthemes.com/sportscup/run/img/grid/7.jpg]
[html.iwthemes.com/sportscup/run/img/grid/8.jpg]
[html.iwthemes.com/sportscup/run/img/grid/9.jpg]
[html.iwthemes.com/sportscup/run/img/grid/10.jpg]
[html.iwthemes.com/sportscup/run/img/grid/11.jpg]
[html.iwthemes.com/sportscup/run/img/grid/12.jpg]
[html.iwthemes.com/sportscup/run/img/grid/13.jpg]
[html.iwthemes.com/sportscup/run/img/grid/14.jpg]
[html.iwthemes.com/sportscup/run/img/grid/15.jpg]
[html.iwthemes.com/sportscup/run/img/grid/16.jpg]
[html.iwthemes.com/sportscup/run/assets/js/popper.min.js]
[html.iwthemes.com/sportscup/run/assets/js/bootstrap.min.js]
[html.iwthemes.com/sportscup/run/assets/js/jquery.js]
[html.iwthemes.com/sportscup/run/index-234a6.html]
[html.iwthemes.com/sportscup/run/assets/js/theme-main.js]
[maxcdn.bootstrapcdn.com/font-awesome/4.5.0/css/font-awesome.min.css]
[html.iwthemes.com/sportscup/img/img-theme/ajax-loader.gif]
[html.iwthemes.com/sportscup/run/assets/fonts/slick/slick.eot]
[html.iwthemes.com/sportscup/run/assets/fonts/slick/slick.woff]
[html.iwthemes.com/sportscup/run/assets/js/theme-scripts.js]
[html.iwthemes.com/sportscup/run/assets/fonts/slick/slickd41d.eot]
[html.iwthemes.com/sportscup/run/assets/fonts/slick/slick.ttf]
[html.iwthemes.com/sportscup/run/assets/fonts/slick/slick.svg]
[html.iwthemes.com/sportscup/run/img/img-theme/ajax-loader.gif]
[html.iwthemes.com/sportscup/run/img/img-theme/icons.svg]
[html.iwthemes.com/sportscup/run/img/img-theme/ui.totop.png]
[html.iwthemes.com/sportscup/run/img/img-theme/accordion-ico.png]
[html.iwthemes.com/sportscup/run/img/img-theme/line_tree1.gif]
[html.iwthemes.com/sportscup/run/img/img-theme/line_tree2.gif]
[html.iwthemes.com/sportscup/run/img/img-theme/border-pattern.gif]
[html.iwthemes.com/sportscup/run/img/img-theme/plan-shadow.png]
[html.iwthemes.com/sportscup/run/assets/css/main.css]
[html.iwthemes.com/sportscup/run/group-list.html]
[html.iwthemes.com/sportscup/run/img/clubs-logos/rusia.png]
[html.iwthemes.com/sportscup/run/img/clubs-logos/arabia.png]
[html.iwthemes.com/sportscup/run/img/clubs-logos/egy.png]
[html.iwthemes.com/sportscup/run/img/clubs-logos/uru.png]
[html.iwthemes.com/sportscup/run/img/clubs-logos/por.png]
[html.iwthemes.com/sportscup/run/img/clubs-logos/esp.png]
[html.iwthemes.com/sportscup/run/img/clubs-logos/mar.png]
[html.iwthemes.com/sportscup/run/img/clubs-logos/irn.png]
[html.iwthemes.com/sportscup/run/img/clubs-logos/colombia.png]
[html.iwthemes.com/sportscup/run/img/players/1.jpg]
[html.iwthemes.com/sportscup/run/img/players/2.jpg]
[html.iwthemes.com/sportscup/run/img/players/3.jpg]
[html.iwthemes.com/sportscup/run/img/players/4.jpg]
[html.iwthemes.com/sportscup/run/img/players/5.jpg]
[html.iwthemes.com/sportscup/run/img/players/6.jpg]
[html.iwthemes.com/sportscup/run/img/clubs-logos/fra.png]
[html.iwthemes.com/sportscup/run/img/clubs-logos/aus.png]
[html.iwthemes.com/sportscup/run/img/clubs-logos/per.png]
[html.iwthemes.com/sportscup/run/img/clubs-logos/den.png]
[html.iwthemes.com/sportscup/run/img/clubs-logos/arg.png]
[html.iwthemes.com/sportscup/run/img/clubs-logos/isl.png]
[html.iwthemes.com/sportscup/run/img/clubs-logos/cro.png]
[html.iwthemes.com/sportscup/run/img/clubs-logos/nga.png]
[html.iwthemes.com/sportscup/run/group-list-html]
[html.iwthemes.com/sportscup/run/img/clubs-logos/bra.png]
[html.iwthemes.com/sportscup/run/img/clubs-logos/sui.png]
[html.iwthemes.com/sportscup/run/img/clubs-logos/costa-rica.png]
[html.iwthemes.com/sportscup/run/img/clubs-logos/srb.png]
[html.iwthemes.com/sportscup/run/img/clubs-logos/ger.png]
[html.iwthemes.com/sportscup/run/img/clubs-logos/mex.png]
[html.iwthemes.com/sportscup/run/img/clubs-logos/swe.png]
[html.iwthemes.com/sportscup/run/img/clubs-logos/kor.png]
[html.iwthemes.com/sportscup/run/img/clubs-logos/bel.png]
[html.iwthemes.com/sportscup/run/img/clubs-logos/pan.png]
[html.iwthemes.com/sportscup/run/img/clubs-logos/tun.png]
[html.iwthemes.com/sportscup/run/img/clubs-logos/eng.png]
[html.iwthemes.com/sportscup/run/img/clubs-logos/pol.png]
[html.iwthemes.com/sportscup/run/img/clubs-logos/sen.png]
[html.iwthemes.com/sportscup/run/img/clubs-logos/japan.png]
[html.iwthemes.com/sportscup/run/img/locations/2.jpg]
[html.iwthemes.com/sportscup/run/img/locations/3.jpg]
[html.iwthemes.com/sportscup/run/img/adds/sidebar.png]
[html.iwthemes.com/sportscup/run/index.html]
[html.iwthemes.com/sportscup/run/index-2.html]
[html.iwthemes.com/sportscup/run/index-3.html]
[html.iwthemes.com/sportscup/run/img/sponsors/1.png]
[html.iwthemes.com/sportscup/run/img/sponsors/2.png]
[html.iwthemes.com/sportscup/run/img/sponsors/3.png]
[html.iwthemes.com/sportscup/run/img/sponsors/4.png]
[html.iwthemes.com/sportscup/run/index-4.html]
[html.iwthemes.com/sportscup/run/img/sponsors/5.png]
[html.iwthemes.com/sportscup/run/img/logo-light.png]
[html.iwthemes.com/sportscup/run/index-5.html]
[html.iwthemes.com/sportscup/run/img/locations/4.jpg]
[html.iwthemes.com/sportscup/run/index-6.html]
[html.iwthemes.com/sportscup/run/table-point.html]
[html.iwthemes.com/sportscup/run/fixtures.html]
[html.iwthemes.com/sportscup/run/groups.html]
[html.iwthemes.com/sportscup/run/news-left-sidebar.html]
[html.iwthemes.com/sportscup/run/contact.html]
[html.iwthemes.com/sportscup/run/img/clubs-teams/arabia.jpg]
[html.iwthemes.com/sportscup/run/img/clubs-teams/egypt.jpg]
[html.iwthemes.com/sportscup/run/img/clubs-teams/uruguay.jpg]
[html.iwthemes.com/sportscup/run/img/clubs-teams/portugal.jpg]
[html.iwthemes.com/sportscup/run/img/clubs-teams/spain.jpg]
[html.iwthemes.com/sportscup/run/img/clubs-teams/morocco.jpg]
[html.iwthemes.com/sportscup/run/img/clubs-teams/iran.jpg]
[html.iwthemes.com/sportscup/run/img/clubs-teams/france.jpg]
[html.iwthemes.com/sportscup/run/img/clubs-teams/australia.jpg]
[html.iwthemes.com/sportscup/run/img/clubs-teams/peru.jpg]
[html.iwthemes.com/sportscup/run/img/clubs-teams/denmark.jpg]
[html.iwthemes.com/sportscup/run/img/clubs-teams/iceland.jpg]
[html.iwthemes.com/sportscup/run/img/clubs-teams/croatia.jpg]
[html.iwthemes.com/sportscup/run/img/clubs-teams/nigeria.jpg]
[html.iwthemes.com/sportscup/run/img/clubs-teams/switzerland.jpg]
[html.iwthemes.com/sportscup/run/img/clubs-teams/costa-rica.jpg]
[html.iwthemes.com/sportscup/run/img/clubs-teams/serbia.jpg]
[html.iwthemes.com/sportscup/run/img/clubs-teams/germany.jpg]
[html.iwthemes.com/sportscup/run/img/clubs-teams/mexico.jpg]
[html.iwthemes.com/sportscup/run/img/clubs-teams/sweden.jpg]
[html.iwthemes.com/sportscup/run/img/clubs-teams/corea.jpg]
[html.iwthemes.com/sportscup/run/img/clubs-teams/belgium.jpg]
[html.iwthemes.com/sportscup/run/img/clubs-teams/panama.jpg]
[html.iwthemes.com/sportscup/run/img/clubs-teams/tunisia.jpg]
[html.iwthemes.com/sportscup/run/img/clubs-teams/england.jpg]
[html.iwthemes.com/sportscup/run/img/clubs-teams/poland.jpg]
[html.iwthemes.com/sportscup/run/img/clubs-teams/senegal.jpg]
[html.iwthemes.com/sportscup/run/img/clubs-teams/japan.jpg]
[html.iwthemes.com/sportscup/run/teams.html]
[html.iwthemes.com/sportscup/run/players.html]
[html.iwthemes.com/sportscup/run/results.html]
[html.iwthemes.com/sportscup/run/img/clubs-logos/col_logo.png]
[html.iwthemes.com/sportscup/run/img/clubs-teams/single-team.jpg]
[html.iwthemes.com/sportscup/run/single-team.html]
[html.iwthemes.com/sportscup/run/img/players/7.jpg]
[html.iwthemes.com/sportscup/run/single-player.html]
[html.iwthemes.com/sportscup/run/img/img-theme/espn.gif]
[html.iwthemes.com/sportscup/run/single-result.html]
[html.iwthemes.com/sportscup/run/page-full-width.html]
[html.iwthemes.com/sportscup/run/page-left-sidebar.html]
[html.iwthemes.com/sportscup/run/page-right-sidebar.html]
[html.iwthemes.com/sportscup/run/page-404.html]
[html.iwthemes.com/sportscup/run/page-faq.html]
[html.iwthemes.com/sportscup/run/about.html]
[html.iwthemes.com/sportscup/run/events.html]
[html.iwthemes.com/sportscup/run/club-teams.html]
[html.iwthemes.com/sportscup/run/sports.html.html]
[html.iwthemes.com/sportscup/run/sports.html]
[html.iwthemes.com/sportscup/run/gallergallery-4-colums.html]
[html.iwthemes.com/sportscup/run/gallergallery-2-colums.html]
[html.iwthemes.com/sportscup/run/gallergallery-3-colums.html]
[html.iwthemes.com/sportscup/run/feature-princing-tables.html]
[html.iwthemes.com/sportscup/run/feature-grid-system.html]
[html.iwthemes.com/sportscup/run/feature-typograpy.html]
[html.iwthemes.com/sportscup/run/feature-icons.html]
[html.iwthemes.com/sportscup/run/feature-elements.html]
[html.iwthemes.com/sportscup/run/sitemap.html]
[html.iwthemes.com/sportscup/run/page-pricing.html]
[html.iwthemes.com/sportscup/run/page-register.html]
[html.iwthemes.com/sportscup/run/feature-header-footer-1.html]
[html.iwthemes.com/sportscup/run/feature-header-footer-2.html]
[html.iwthemes.com/sportscup/run/feature-header-footer-3.html]
[html.iwthemes.com/sportscup/run/page-about.html]
[html.iwthemes.com/sportscup/run/services.html]
[html.iwthemes.com/sportscup/run/news-right-sidebar.html]
[html.iwthemes.com/sportscup/run/news-no-sidebar.html]
[html.iwthemes.com/sportscup/run/single-news.html]
[html.iwthemes.com/sportscup/run/index-1.html]
[maxcdn.bootstrapcdn.com/font-awesome/4.5.0/css/font-awesome.min.css]
[html.iwthemes.com/sportscup/img/img-theme/ajax-loader.html]
[html.iwthemes.com/sportscup/run/assets/fonts/slick/slick.svg]
[html.iwthemes.com/sportscup/run/img/img-theme/icons.svg]
[html.iwthemes.com/sportscup/run/group-list.html]
[html.iwthemes.com/sportscup/run/group-list-html.html]
[html.iwthemes.com/sportscup/run/about.html]
[html.iwthemes.com/sportscup/run/events.html]
[html.iwthemes.com/sportscup/run/club-teams.html]
[html.iwthemes.com/sportscup/run/sports.html.html]
[html.iwthemes.com/sportscup/run/sports.html]
[html.iwthemes.com/sportscup/run/gallergallery-4-colums.html]
[html.iwthemes.com/sportscup/run/gallergallery-2-colums.html]
[html.iwthemes.com/sportscup/run/gallergallery-3-colums.html]
[html.iwthemes.com/sportscup/run/feature-princing-tables.html]
[html.iwthemes.com/sportscup/run/feature-grid-system.html]
[html.iwthemes.com/sportscup/run/feature-typograpy.html]
[html.iwthemes.com/sportscup/run/feature-icons.html]
[html.iwthemes.com/sportscup/run/feature-elements.html]
